// Jest Snapshot v1, https://goo.gl/fbAQLP

exports[`RatingStar component should render correctly 1`] = `
<View
  style={
    Object {
      "flexDirection": "row",
    }
  }
>
  <Text />
  <Text />
  <Text />
  <Text />
  <Text />
</View>
`;
